[sgjm] resolved backend=mlx size=25m
[sgjm] backend=mlx params=252.35M
[sgjm] step=     0 lr=1.00e-07 total=9.0174 tok=5.9432 draft=5.4127 jepa=1.1856 ver=0.7146 acc=0.454
[sgjm] step=    25 lr=2.60e-06 total=6.7079 tok=4.0498 draft=4.5964 jepa=1.1623 ver=0.6933 acc=0.401
[sgjm] step=    50 lr=5.10e-06 total=5.6840 tok=3.3625 draft=3.9630 jepa=1.0827 ver=0.6933 acc=0.500
[sgjm] step=    75 lr=7.60e-06 total=5.5518 tok=3.3810 draft=3.7368 jepa=0.9327 ver=0.6928 acc=0.415
[sgjm] step=   100 lr=1.01e-05 total=5.7424 tok=3.5469 draft=3.8833 jepa=0.7379 ver=0.6929 acc=0.500
[sgjm] step=   125 lr=1.26e-05 total=4.9435 tok=3.0906 draft=3.2972 jepa=0.5399 ver=0.6927 acc=0.517
[sgjm] step=   150 lr=1.51e-05 total=4.9876 tok=3.1263 draft=3.3972 jepa=0.3738 ver=0.6921 acc=0.554
[sgjm] step=   175 lr=1.76e-05 total=4.8616 tok=3.0835 draft=3.2709 jepa=0.2933 ver=0.6936 acc=0.500
[sgjm] step=   200 lr=2.01e-05 total=5.2800 tok=3.2993 draft=3.6929 jepa=0.2783 ver=0.6463 acc=0.666
[sgjm] step=   225 lr=2.26e-05 total=4.6429 tok=2.9321 draft=3.2107 jepa=0.1448 ver=0.6932 acc=0.505
[sgjm] step=   250 lr=2.51e-05 total=3.9134 tok=2.4312 draft=2.7534 jepa=0.1453 ver=0.6920 acc=0.517
[sgjm] eval@250: {'total': 5.024669488271077, 'token': 3.1559399366378784, 'drafter': 3.5143254597981772, 'jepa': 0.1746974935134252, 'verifier': 0.6789228916168213, 'accept_acc': 0.6201607684294382}
[sgjm] step=   275 lr=2.76e-05 total=3.5353 tok=2.1657 draft=2.5396 jepa=0.1298 ver=0.6732 acc=0.570
[sgjm] step=   300 lr=3.01e-05 total=4.7757 tok=3.0242 draft=3.2996 jepa=0.2226 ver=0.4610 acc=0.904
[sgjm] step=   325 lr=3.26e-05 total=4.5860 tok=2.8871 draft=3.2043 jepa=0.1103 ver=0.6918 acc=0.510
[sgjm] step=   350 lr=3.51e-05 total=4.6059 tok=2.9019 draft=3.2185 jepa=0.1037 ver=0.6877 acc=0.518
[sgjm] step=   375 lr=3.76e-05 total=4.2885 tok=2.6761 draft=3.0296 jepa=0.1177 ver=0.6813 acc=0.537
[sgjm] step=   400 lr=4.01e-05 total=4.6142 tok=2.9191 draft=3.1975 jepa=0.1046 ver=0.7021 acc=0.510
[sgjm] step=   425 lr=4.26e-05 total=3.9398 tok=2.3725 draft=2.9597 jepa=0.1300 ver=0.5495 acc=0.850
[sgjm] step=   450 lr=4.51e-05 total=4.0454 tok=2.5202 draft=2.8934 jepa=0.1424 ver=0.4287 acc=0.942
[sgjm] step=   475 lr=4.76e-05 total=4.2709 tok=2.6530 draft=3.0408 jepa=0.1108 ver=0.6976 acc=0.539
[sgjm] step=   500 lr=5.01e-05 total=3.9967 tok=2.4748 draft=2.8600 jepa=0.0958 ver=0.6791 acc=0.576
[sgjm] eval@500: {'total': 4.189104636510213, 'token': 2.590902845064799, 'drafter': 3.006748676300049, 'jepa': 0.12216155976057053, 'verifier': 0.6428715089956919, 'accept_acc': 0.6096620659033457}
[sgjm] step=   525 lr=5.26e-05 total=4.0888 tok=2.5498 draft=2.8881 jepa=0.1142 ver=0.6635 acc=0.620
[sgjm] step=   550 lr=5.51e-05 total=4.3261 tok=2.7421 draft=3.0586 jepa=0.1431 ver=0.1892 acc=0.926
[sgjm] step=   575 lr=5.76e-05 total=4.3195 tok=2.6915 draft=3.0627 jepa=0.1204 ver=0.6663 acc=0.593
[sgjm] step=   600 lr=6.01e-05 total=4.2492 tok=2.6336 draft=3.0490 jepa=0.0931 ver=0.6785 acc=0.568
[sgjm] step=   625 lr=6.26e-05 total=4.1832 tok=2.6414 draft=2.9813 jepa=0.1023 ver=0.2562 acc=0.914
[sgjm] step=   650 lr=6.51e-05 total=4.2283 tok=2.6316 draft=3.0137 jepa=0.1014 ver=0.6449 acc=0.639
[sgjm] step=   675 lr=6.76e-05 total=4.8010 tok=2.9844 draft=3.4601 jepa=0.1015 ver=0.6115 acc=0.684
[sgjm] step=   700 lr=7.01e-05 total=4.1883 tok=2.6230 draft=3.0307 jepa=0.1353 ver=0.1613 acc=0.925
[sgjm] step=   725 lr=7.26e-05 total=3.6801 tok=2.2757 draft=2.6274 jepa=0.0858 ver=0.6932 acc=0.544
[sgjm] step=   750 lr=7.51e-05 total=4.2232 tok=2.6313 draft=2.9980 jepa=0.1008 ver=0.6773 acc=0.589
[sgjm] eval@750: {'total': 4.476851622263591, 'token': 2.798321564992269, 'drafter': 3.200577139854431, 'jepa': 0.12066792572538058, 'verifier': 0.48074520876010257, 'accept_acc': 0.707595149676005}
[sgjm] step=   775 lr=7.76e-05 total=4.3611 tok=2.7037 draft=3.1436 jepa=0.1065 ver=0.5899 acc=0.696
[sgjm] step=   800 lr=8.01e-05 total=4.5312 tok=2.7965 draft=3.2920 jepa=0.0967 ver=0.6455 acc=0.611
[sgjm] step=   825 lr=8.26e-05 total=3.5899 tok=2.1964 draft=2.5965 jepa=0.1062 ver=0.6871 acc=0.607
[sgjm] step=   850 lr=8.51e-05 total=4.8282 tok=3.0591 draft=3.3576 jepa=0.0839 ver=0.6931 acc=0.546
[sgjm] step=   875 lr=8.76e-05 total=4.1435 tok=2.5634 draft=2.9770 jepa=0.1044 ver=0.6545 acc=0.597
[sgjm] step=   900 lr=9.01e-05 total=3.8770 tok=2.3817 draft=2.8231 jepa=0.0780 ver=0.6430 acc=0.637
[sgjm] step=   925 lr=9.26e-05 total=3.7923 tok=2.3478 draft=2.7555 jepa=0.0997 ver=0.4181 acc=0.890
[sgjm] step=   950 lr=9.51e-05 total=3.7970 tok=2.2889 draft=2.9354 jepa=0.1000 ver=0.1543 acc=0.970
[sgjm] step=   975 lr=9.76e-05 total=4.4681 tok=2.7918 draft=3.2154 jepa=0.1132 ver=0.4035 acc=0.868
[sgjm] step=  1000 lr=1.00e-04 total=3.7791 tok=2.2950 draft=2.8090 jepa=0.1081 ver=0.5261 acc=0.772
[sgjm] eval@1000: {'total': 4.3636040687561035, 'token': 2.691996137301127, 'drafter': 3.1683589220046997, 'jepa': 0.10623813420534134, 'verifier': 0.6086898346741995, 'accept_acc': 0.7019356985886892}
[sgjm] step=  1025 lr=9.99e-05 total=3.9701 tok=2.4472 draft=2.9370 jepa=0.1036 ver=0.2855 acc=0.945
[sgjm] step=  1050 lr=9.97e-05 total=5.7076 tok=3.6328 draft=4.0309 jepa=0.0991 ver=0.3460 acc=0.744
[sgjm] step=  1075 lr=9.94e-05 total=4.7798 tok=3.0037 draft=3.4471 jepa=0.1088 ver=0.2544 acc=0.900
[sgjm] step=  1100 lr=9.89e-05 total=3.9324 tok=2.4192 draft=2.8704 jepa=0.0960 ver=0.5397 acc=0.741
[sgjm] step=  1125 lr=9.83e-05 total=4.0420 tok=2.4930 draft=3.0124 jepa=0.0776 ver=0.2339 acc=0.960
[sgjm] step=  1150 lr=9.76e-05 total=4.0275 tok=2.4617 draft=2.9405 jepa=0.1067 ver=0.6885 acc=0.605
[sgjm] step=  1175 lr=9.67e-05 total=3.4012 tok=2.1011 draft=2.4292 jepa=0.0815 ver=0.6514 acc=0.617
[sgjm] step=  1200 lr=9.57e-05 total=4.3720 tok=2.6773 draft=3.2914 jepa=0.1368 ver=0.1477 acc=0.978
[sgjm] step=  1225 lr=9.46e-05 total=4.2920 tok=2.6576 draft=3.1762 jepa=0.1060 ver=0.1982 acc=0.940
[sgjm] step=  1250 lr=9.33e-05 total=4.2201 tok=2.6219 draft=3.0310 jepa=0.0979 ver=0.5823 acc=0.676
[sgjm] eval@1250: {'total': 4.065106709798177, 'token': 2.4834326903025308, 'drafter': 3.009075403213501, 'jepa': 0.10450337454676628, 'verifier': 0.5101048946380615, 'accept_acc': 0.7981463372707367}
[sgjm] step=  1275 lr=9.19e-05 total=2.3648 tok=1.4317 draft=1.7800 jepa=0.0725 ver=0.2502 acc=0.913
[sgjm] step=  1300 lr=9.05e-05 total=4.4132 tok=2.7168 draft=3.2253 jepa=0.1179 ver=0.5427 acc=0.731
[sgjm] step=  1325 lr=8.89e-05 total=3.8260 tok=2.3976 draft=2.7903 jepa=0.1013 ver=0.0798 acc=0.997
[sgjm] step=  1350 lr=8.72e-05 total=3.9348 tok=2.4004 draft=2.9235 jepa=0.1229 ver=0.4198 acc=0.799
[sgjm] step=  1375 lr=8.54e-05 total=4.3665 tok=2.6977 draft=3.2157 jepa=0.1079 ver=0.3394 acc=0.914
[sgjm] step=  1400 lr=8.35e-05 total=3.8756 tok=2.4129 draft=2.8362 jepa=0.0990 ver=0.1979 acc=0.931
[sgjm] step=  1425 lr=8.15e-05 total=4.1635 tok=2.6054 draft=3.0288 jepa=0.1085 ver=0.1656 acc=0.956
[sgjm] step=  1450 lr=7.94e-05 total=3.7825 tok=2.3375 draft=2.8183 jepa=0.1310 ver=0.0310 acc=0.996
[sgjm] step=  1475 lr=7.72e-05 total=3.8017 tok=2.3149 draft=2.8279 jepa=0.1057 ver=0.4639 acc=0.796
[sgjm] step=  1500 lr=7.50e-05 total=3.9649 tok=2.4479 draft=2.9400 jepa=0.1012 ver=0.2166 acc=0.945
[sgjm] eval@1500: {'total': 4.164750854174296, 'token': 2.553877592086792, 'drafter': 3.0715770721435547, 'jepa': 0.1082302841047446, 'verifier': 0.4802721468731761, 'accept_acc': 0.7829724450906118}
[sgjm] step=  1525 lr=7.27e-05 total=4.0372 tok=2.5121 draft=2.9536 jepa=0.1121 ver=0.2022 acc=0.976
[sgjm] step=  1550 lr=7.03e-05 total=4.1415 tok=2.5841 draft=3.0182 jepa=0.1115 ver=0.2034 acc=0.949
[sgjm] step=  1575 lr=6.79e-05 total=4.5270 tok=2.8353 draft=3.3088 jepa=0.1204 ver=0.0719 acc=0.983
[sgjm] step=  1600 lr=6.55e-05 total=3.8422 tok=2.4219 draft=2.7267 jepa=0.1175 ver=0.2761 acc=0.885
[sgjm] step=  1625 lr=6.29e-05 total=3.7480 tok=2.3033 draft=2.8095 jepa=0.1350 ver=0.0617 acc=0.994
[sgjm] step=  1650 lr=6.04e-05 total=3.5013 tok=2.1526 draft=2.6207 jepa=0.1018 ver=0.1294 acc=0.968
[sgjm] step=  1675 lr=5.78e-05 total=3.9008 tok=2.4346 draft=2.8645 jepa=0.1077 ver=0.0704 acc=0.993
[sgjm] step=  1700 lr=5.52e-05 total=4.5299 tok=2.8212 draft=3.3001 jepa=0.1415 ver=0.2329 acc=0.932
[sgjm] step=  1725 lr=5.26e-05 total=3.0399 tok=1.8396 draft=2.3222 jepa=0.0998 ver=0.1423 acc=0.985
[sgjm] step=  1750 lr=5.00e-05 total=3.7020 tok=2.2528 draft=2.7435 jepa=0.1240 ver=0.4644 acc=0.769
[sgjm] eval@1750: {'total': 3.953872799873352, 'token': 2.4093175729115806, 'drafter': 2.9392066399256387, 'jepa': 0.13360331083337465, 'verifier': 0.41551091397802037, 'accept_acc': 0.8187336027622223}
[sgjm] step=  1775 lr=4.74e-05 total=4.4432 tok=2.7409 draft=3.3141 jepa=0.1579 ver=0.0584 acc=0.996
[sgjm] step=  1800 lr=4.48e-05 total=3.5034 tok=2.1481 draft=2.6310 jepa=0.1339 ver=0.0629 acc=0.993
[sgjm] step=  1825 lr=4.22e-05 total=4.2735 tok=2.6516 draft=3.1277 jepa=0.1442 ver=0.2202 acc=0.933
[sgjm] step=  1850 lr=3.96e-05 total=3.7620 tok=2.2637 draft=2.9168 jepa=0.1384 ver=0.0532 acc=0.993
[sgjm] step=  1875 lr=3.71e-05 total=3.8182 tok=2.3117 draft=2.8822 jepa=0.1626 ver=0.2479 acc=0.909
[sgjm] step=  1900 lr=3.45e-05 total=3.8712 tok=2.3611 draft=2.8585 jepa=0.1358 ver=0.4696 acc=0.759
[sgjm] step=  1925 lr=3.21e-05 total=3.7614 tok=2.3377 draft=2.7413 jepa=0.1235 ver=0.2216 acc=0.916
[sgjm] step=  1950 lr=2.97e-05 total=3.7104 tok=2.2655 draft=2.8026 jepa=0.1500 ver=0.0610 acc=0.984
[sgjm] step=  1975 lr=2.73e-05 total=3.0795 tok=1.8308 draft=2.3459 jepa=0.1387 ver=0.4099 acc=0.812
[sgjm] step=  2000 lr=2.50e-05 total=4.1215 tok=2.5677 draft=3.0223 jepa=0.1196 ver=0.1283 acc=0.968
[sgjm] eval@2000: {'total': 3.6005011796951294, 'token': 2.1786193450291953, 'drafter': 2.6891546646753945, 'jepa': 0.1390422210097313, 'verifier': 0.425440164282918, 'accept_acc': 0.8356299300988516}
[sgjm] step=  2025 lr=2.28e-05 total=5.0133 tok=3.0321 draft=3.8792 jepa=0.1392 ver=0.0675 acc=0.989
[sgjm] step=  2050 lr=2.06e-05 total=3.3514 tok=2.0649 draft=2.3947 jepa=0.1286 ver=0.5697 acc=0.693
[sgjm] step=  2075 lr=1.85e-05 total=4.2220 tok=2.6249 draft=3.0476 jepa=0.1381 ver=0.3878 acc=0.821
[sgjm] step=  2100 lr=1.65e-05 total=3.9465 tok=2.4134 draft=2.9593 jepa=0.1578 ver=0.1402 acc=0.968
[sgjm] step=  2125 lr=1.46e-05 total=3.0670 tok=1.8517 draft=2.3251 jepa=0.1331 ver=0.1945 acc=0.935
[sgjm] step=  2150 lr=1.28e-05 total=2.8690 tok=1.6660 draft=2.2894 jepa=0.1557 ver=0.1943 acc=0.915
[sgjm] step=  2175 lr=1.11e-05 total=3.7526 tok=2.3253 draft=2.7255 jepa=0.1396 ver=0.2971 acc=0.865
[sgjm] step=  2200 lr=9.55e-06 total=3.2801 tok=1.9984 draft=2.4807 jepa=0.1394 ver=0.0653 acc=0.995
[sgjm] step=  2225 lr=8.07e-06 total=3.4667 tok=2.1552 draft=2.5033 jepa=0.1443 ver=0.2378 acc=0.911
[sgjm] step=  2250 lr=6.70e-06 total=3.9847 tok=2.4700 draft=2.9302 jepa=0.1465 ver=0.1294 acc=0.972
[sgjm] eval@2250: {'total': 4.0585306485493975, 'token': 2.503700057665507, 'drafter': 2.9931986729303994, 'jepa': 0.15632390603423119, 'verifier': 0.1915043480694294, 'accept_acc': 0.9324146807193756}
[sgjm] step=  2275 lr=5.45e-06 total=3.6753 tok=2.2296 draft=2.7504 jepa=0.1588 ver=0.3078 acc=0.878
[sgjm] step=  2300 lr=4.32e-06 total=3.3043 tok=1.9672 draft=2.5788 jepa=0.1593 ver=0.0785 acc=0.990
[sgjm] step=  2325 lr=3.32e-06 total=3.5825 tok=2.1471 draft=2.6798 jepa=0.1512 ver=0.5772 acc=0.722
[sgjm] step=  2350 lr=2.45e-06 total=2.7341 tok=1.6297 draft=2.1101 jepa=0.1382 ver=0.1475 acc=0.954
[sgjm] step=  2375 lr=1.70e-06 total=3.5147 tok=2.1602 draft=2.6172 jepa=0.1453 ver=0.0955 acc=0.988
[sgjm] step=  2400 lr=1.09e-06 total=3.6006 tok=2.2090 draft=2.6443 jepa=0.1457 ver=0.3307 acc=0.854
[sgjm] step=  2425 lr=6.16e-07 total=3.4826 tok=2.1343 draft=2.5696 jepa=0.1411 ver=0.2819 acc=0.889
[sgjm] step=  2450 lr=2.74e-07 total=3.6254 tok=2.2369 draft=2.6867 jepa=0.1437 ver=0.0919 acc=0.987
[sgjm] step=  2475 lr=6.85e-08 total=3.6611 tok=2.2220 draft=2.7337 jepa=0.1637 ver=0.3129 acc=0.856
[sgjm] step=  2499 lr=1.10e-10 total=3.4203 tok=2.0628 draft=2.5654 jepa=0.1620 ver=0.3438 acc=0.859
